[industrialmarketer.com/index.html]
[backblue.gif]
[fade.gif]
[index.html]
[industrialmarketer.com/wp-content/themes/ism/css/styleb0e7.css]
[industrialmarketer.com/feed/index.html]
[industrialmarketer.com/favicon3860.png]
[industrialmarketer.com/wp-content/themes/ism/img/industrial-logo-dark.svg]
[industrialmarketer.com/wp-content/themes/ism/img/logo.svg]
[industrialmarketer.com/wp-json/index.html]
[industrialmarketer.com/wp-content/uploads/2022/09/Growth-Marketing-945x287.jpg]
[industrialmarketer.com/page/2/index.html]
[industrialmarketer.com/strategy/index.html]
[industrialmarketer.com/wp-content/themes/ism/img/blank.gif]
[industrialmarketer.com/wp-content/themes/ism/ads/industrial-marketer-podcase.gif]
[industrialmarketer.com/strategy/email-marketing-strategy/index.html]
[industrialmarketer.com/strategy/content-marketing-strategy/index.html]
[industrialmarketer.com/strategy/brand-strategy/index.html]
[industrialmarketer.com/strategy/search-engine-marketing-strategy/index.html]
[industrialmarketer.com/wp-content/themes/ism/ads/budget-guide-2022.jpg]
[industrialmarketer.com/strategy/web-strategy/index.html]
[industrialmarketer.com/strategy/social-media-marketing-strategy/index.html]
[industrialmarketer.com/wp-content/themes/ism/img/logo-footer.png]
[industrialmarketer.com/technology/index.html]
[industrialmarketer.com/technology/news/index.html]
[d3rxaij56vjege.cloudfront.net/form-serialize/0.3/serialize.min.b.delayed]
[industrialmarketer.com/technology/tools/index.html]
[industrialmarketer.com/index.html]
[industrialmarketer.com/wp-content/themes/ism/js/scriptse574.js]
[industrialmarketer.com/culture/campaigns/index.html]
[industrialmarketer.com/wp-content/themes/ism/img/bg-texture.png]
[industrialmarketer.com/technology/tutorials/index.html]
[industrialmarketer.com/culture/index.html]
[industrialmarketer.com/culture/commentary/index.html]
[industrialmarketer.com/about-industrial-marketer/index.html]
[industrialmarketer.com/culture/creativity/index.html]
[industrialmarketer.com/wp-content/themes/ism/fonts/bitter-v17-latin-regular.woff2]
[industrialmarketer.com/contact-us/index.html]
[industrialmarketer.com/culture/reviews/index.html]
[industrialmarketer.com/wp-content/themes/ism/fonts/bitter-v17-latin-regular.woff]
[industrialmarketer.com/growth-marketing-logistics-companies/index.html]
[industrialmarketer.com/how-leverage-todays-manufacturing-trade-shows/index.html]
[industrialmarketer.com/author/nelsjensen/index.html]
[industrialmarketer.com/wp-content/themes/ism/fonts/bitter-v17-latin-700.woff2]
[industrialmarketer.com/how-digital-marketing-changing-manufacturing-industry/index.html]
[industrialmarketer.com/top-5-types-marketing-content-awareness-phase/index.html]
[industrialmarketer.com/wp-content/themes/ism/fonts/bitter-v17-latin-700.woff]
[industrialmarketer.com/10-best-manufacturing-websites/index.html]
[industrialmarketer.com/5-ways-industrial-companies-can-benefit-from-marketing-with-video/index.html]
[industrialmarketer.com/author/vroberson/index.html]
[industrialmarketer.com/why-seo-for-manufacturing-companies-so-important/index.html]
[industrialmarketer.com/wp-content/themes/ism/fonts/open-sans-v18-latin-regular.eot]
[industrialmarketer.com/author/emiller/index.html]
[industrialmarketer.com/author/bleibowitz/index.html]
[industrialmarketer.com/5-best-practices-industrial-web-design/index.html]
[industrialmarketer.com/page/3/index.html]
[industrialmarketer.com/page/28/index.html]
[industrialmarketer.com/privacy-policy/index.html]
[industrialmarketer.com/page/4/index.html]
[industrialmarketer.com/wp-content/themes/ism/fonts/open-sans-v18-latin-regulard41d.eot]
[industrialmarketer.com/terms-of-use/index.html]
[industrialmarketer.com/wp-content/themes/ism/fonts/open-sans-v18-latin-regular.woff2]
[industrialmarketer.com/wp-content/themes/ism/fonts/open-sans-v18-latin-regular.woff]
[industrialmarketer.com/wp-content/themes/ism/fonts/open-sans-v18-latin-regular.ttf]
[industrialmarketer.com/wp-content/themes/ism/fonts/open-sans-v18-latin-regular.svg]
[industrialmarketer.com/wp-content/themes/ism/fonts/open-sans-v18-latin-italic.eot]
[industrialmarketer.com/wp-content/themes/ism/fonts/open-sans-v18-latin-italicd41d.eot]
[industrialmarketer.com/wp-content/themes/ism/fonts/open-sans-v18-latin-italic.woff2]
[industrialmarketer.com/wp-content/themes/ism/fonts/open-sans-v18-latin-italic.woff]
[industrialmarketer.com/wp-content/themes/ism/fonts/open-sans-v18-latin-italic.ttf]
[industrialmarketer.com/wp-content/themes/ism/fonts/open-sans-v18-latin-italic.svg]
[industrialmarketer.com/wp-content/themes/ism/fonts/open-sans-v18-latin-700.eot]
[industrialmarketer.com/wp-content/themes/ism/fonts/open-sans-v18-latin-700d41d.eot]
[industrialmarketer.com/wp-content/themes/ism/fonts/open-sans-v18-latin-700.woff2]
[industrialmarketer.com/wp-content/themes/ism/fonts/open-sans-v18-latin-700.woff]
[industrialmarketer.com/wp-content/themes/ism/fonts/open-sans-v18-latin-700.ttf]
[industrialmarketer.com/wp-content/themes/ism/fonts/icons-2edfc719d519ab8e07005766adfd5c90.eot]
[industrialmarketer.com/wp-content/themes/ism/fonts/open-sans-v18-latin-700.svg]
[industrialmarketer.com/wp-content/themes/ism/fonts/icons-2edfc719d519ab8e07005766adfd5c90d41d.eot]
[industrialmarketer.com/wp-content/themes/ism/fonts/icons-2edfc719d519ab8e07005766adfd5c90.woff]
[industrialmarketer.com/wp-content/themes/ism/fonts/icons-2edfc719d519ab8e07005766adfd5c90.ttf]
[industrialmarketer.com/wp-content/themes/ism/css/styleb0e7.css]
[industrialmarketer.com/page/2/index.html]
[industrialmarketer.com/wp-content/themes/ism/fonts/icons-2edfc719d519ab8e07005766adfd5c90d41d.svg]
[industrialmarketer.com/are-you-engaged-substantive-marketing/index.html]
[www.googletagmanager.com/gtm5445.html]
[industrialmarketer.com/wp-content/themes/ism/img/industrial-logo-dark.svg]
[industrialmarketer.com/b2b-content-marketing-strategy-effective-approach/index.html]
[industrialmarketer.com/wp-content/themes/ism/img/logo.svg]
[industrialmarketer.com/author/sflynn/index.html]
[industrialmarketer.com/10-effective-link-building-tactics/index.html]
[industrialmarketer.com/author/jbaxter/index.html]
[industrialmarketer.com/author/mhunter/index.html]
[industrialmarketer.com/3-keys-successful-recruitment-marketing-campaign/index.html]
[industrialmarketer.com/top-10-low-cost-marketing-strategies-for-startups/index.html]
[industrialmarketer.com/strategy/index.html]
[industrialmarketer.com/wp-json/wp/v2/categories/142.json]
[industrialmarketer.com/what-b2b-search-intent-marketing/index.html]
[industrialmarketer.com/why-industrial-business-need-local-marketing-strategy/index.html]
[industrialmarketer.com/author/vkakkar/index.html]
[industrialmarketer.com/author/nnwagbo/index.html]
[industrialmarketer.com/author/ehuang/index.html]
[industrialmarketer.com/approach-seo-for-manufacturers/index.html]
[industrialmarketer.com/strategy/brand-strategy/index.html]
[industrialmarketer.com/strategy/page/2/index.html]
[industrialmarketer.com/wp-json/wp/v2/categories/145.json]
[industrialmarketer.com/author/eshippey/index.html]
[industrialmarketer.com/author/skaranja/index.html]
[industrialmarketer.com/strategy/page/3/index.html]
[industrialmarketer.com/strategy/page/21/index.html]
[industrialmarketer.com/strategy/content-marketing-strategy/index.html]
[industrialmarketer.com/wp-json/wp/v2/categories/146.json]
[industrialmarketer.com/strategy/page/4/index.html]
[industrialmarketer.com/strategy/brand-strategy/page/2/index.html]
[industrialmarketer.com/industrial-branding-begins-consistency/index.html]
[industrialmarketer.com/does-manufacturing-company-look-cutting-edge/index.html]
[industrialmarketer.com/how-increase-b2b-brand-awareness/index.html]
[industrialmarketer.com/strategy/email-marketing-strategy/index.html]
[industrialmarketer.com/wp-json/wp/v2/categories/147.json]
[industrialmarketer.com/what-b2b-brand-strategy/index.html]
[industrialmarketer.com/author/kevin-brown/index.html]
[industrialmarketer.com/author/ccrowne/index.html]
[industrialmarketer.com/author/pkiesche/index.html]
[industrialmarketer.com/good-marketing-photos-important/index.html]
[industrialmarketer.com/strategy/search-engine-marketing-strategy/index.html]
[industrialmarketer.com/author/dhigdon/index.html]
[industrialmarketer.com/10-best-industrial-logos/index.html]
[industrialmarketer.com/wp-json/wp/v2/categories/148.json]
[industrialmarketer.com/time-to-reignite-your-industrial-brand/index.html]
[industrialmarketer.com/strategy/social-media-marketing-strategy/index.html]
[industrialmarketer.com/building-customer-trust/index.html]
[industrialmarketer.com/author/joeystrawn/index.html]
[industrialmarketer.com/wp-json/wp/v2/categories/149.json]
[industrialmarketer.com/strategy/content-marketing-strategy/page/2/index.html]
[industrialmarketer.com/how-create-manufacturing-case-studies/index.html]
[industrialmarketer.com/4-trending-b2b-marketing-tactics/index.html]
[industrialmarketer.com/content-planning-industrials/index.html]
[industrialmarketer.com/strategy/web-strategy/index.html]
[industrialmarketer.com/wp-json/wp/v2/categories/158.json]
[industrialmarketer.com/content-that-converts/index.html]
[industrialmarketer.com/7-effective-lead-magnet-ideas-construction-companies/index.html]
[industrialmarketer.com/author/kpierce/index.html]
[industrialmarketer.com/author/mmitchell/index.html]
[industrialmarketer.com/5-easy-things-you-can-do-for-better-manufacturer-lead-generation/index.html]
[industrialmarketer.com/author/fhamilton/index.html]
[industrialmarketer.com/technology/index.html]
[industrialmarketer.com/wp-json/wp/v2/categories/143.json]
[industrialmarketer.com/strategy/email-marketing-strategy/page/2/index.html]
[industrialmarketer.com/ultimate-guide-writing-b2b-sales-emails￼/index.html]
[industrialmarketer.com/strategy/content-marketing-strategy/page/3/index.html]
[industrialmarketer.com/10-simple-steps-to-boost-digital-marketing-for-manufacturers/index.html]
[industrialmarketer.com/5-email-best-practices-manufacturing-marketing/index.html]
[industrialmarketer.com/technology/news/index.html]
[industrialmarketer.com/wp-json/wp/v2/categories/150.json]
[industrialmarketer.com/stop-making-email-marketing-mistakes/index.html]
[industrialmarketer.com/author/jfender/index.html]
[industrialmarketer.com/author/gnewton/index.html]
[industrialmarketer.com/author/nmonk/index.html]
[industrialmarketer.com/effective-email-marketing-strategy-for-engineers/index.html]
[industrialmarketer.com/how-use-email-re-engagement-campaign/index.html]
[industrialmarketer.com/technology/tools/index.html]
[industrialmarketer.com/wp-json/wp/v2/categories/151.json]
[industrialmarketer.com/what-makes-seo-primary-source-b2b-leads/index.html]
[industrialmarketer.com/author/acooleen/index.html]
[industrialmarketer.com/author/lmassey/index.html]
[industrialmarketer.com/strategy/search-engine-marketing-strategy/page/2/index.html]
[industrialmarketer.com/7-tips-construction-company-seo/index.html]
[industrialmarketer.com/technology/tutorials/index.html]
[industrialmarketer.com/wp-json/wp/v2/categories/152.json]
[industrialmarketer.com/author/tabsalikov/index.html]
[industrialmarketer.com/strategy/social-media-marketing-strategy/page/2/index.html]
[industrialmarketer.com/5-best-tools-engaging-social-media-content/index.html]
[industrialmarketer.com/strategy/search-engine-marketing-strategy/page/3/index.html]
[industrialmarketer.com/culture/index.html]
[industrialmarketer.com/wp-json/wp/v2/categories/144.json]
[industrialmarketer.com/do-manufacturing-companies-using-social-media-need-instagram/index.html]
[industrialmarketer.com/author/rpell/index.html]
[industrialmarketer.com/author/arowley/index.html]
[industrialmarketer.com/rethinking-success-industrial-social-media/index.html]
[industrialmarketer.com/culture/campaigns/index.html]
[industrialmarketer.com/twitter-b2b-marketing/index.html]
[industrialmarketer.com/wp-json/wp/v2/categories/153.json]
[industrialmarketer.com/author/ehines/index.html]
[industrialmarketer.com/social-media-use-industrial-sector/index.html]
[industrialmarketer.com/culture/commentary/index.html]
[industrialmarketer.com/wp-json/wp/v2/categories/154.json]
[industrialmarketer.com/strategy/web-strategy/page/2/index.html]
[industrialmarketer.com/how-strategic-approach-industrial-website-design/index.html]
[industrialmarketer.com/social-media-for-manufacturers-is-no-longer-optional/index.html]
[industrialmarketer.com/author/tporter/index.html]
[industrialmarketer.com/b2b-web-design-trends-cant-ignore/index.html]
[industrialmarketer.com/culture/creativity/index.html]
[industrialmarketer.com/wp-json/wp/v2/categories/155.json]
[industrialmarketer.com/how-get-most-b2b-website-ctas/index.html]
[industrialmarketer.com/author/gnelson/index.html]
[industrialmarketer.com/author/jchapman/index.html]
[industrialmarketer.com/7-signs-manufacturing-website-out-date/index.html]
[industrialmarketer.com/industrial-website-dos-donts/index.html]
[industrialmarketer.com/culture/reviews/index.html]
[industrialmarketer.com/wp-json/wp/v2/categories/156.json]
[industrialmarketer.com/strategy/web-strategy/page/4/index.html]
[industrialmarketer.com/strategy/web-strategy/page/5/index.html]
[industrialmarketer.com/author/rlaws/index.html]
[industrialmarketer.com/strategy/web-strategy/page/3/index.html]
[industrialmarketer.com/crm-implementation-industrials/index.html]
[industrialmarketer.com/wp-json/wp/v2/pages/91965.json]
[industrialmarketer.com/technology/page/2/index.html]
[industrialmarketer.com/wp-json/oembed/1.0/embed2880.json]
[industrialmarketer.com/author/nhoward/index.html]
[industrialmarketer.com/ways-ai-b2b-marketing-making-impact/index.html]
[industrialmarketer.com/wp-json/oembed/1.0/embed7469]
[industrialmarketer.com/about-industrial-marketer/index.html]
[industrialmarketer.com/manufacturers-know-crms/index.html]
[industrialmarketer.com/manufacturing-saas-engage-customers/index.html]
[industrialmarketer.com/6-customer-engagement-trends-industrial-brands/index.html]
[industrialmarketer.com/author/lgroff/index.html]
[industrialmarketer.com/author/kmatthews/index.html]
[industrialmarketer.com/technology/page/4/index.html]
[industrialmarketer.com/technology/page/3/index.html]
[industrialmarketer.com/wp-json/wp/v2/pages/91969.json]
[industrialmarketer.com/technology/page/8/index.html]
[industrialmarketer.com/technology/news/page/2/index.html]
[industrialmarketer.com/mobile-email-marketing-is-the-new-standard/index.html]
[industrialmarketer.com/wp-json/oembed/1.0/embedee44.json]
[industrialmarketer.com/industrial-digital-marketing-roundup-8/index.html]
[industrialmarketer.com/wp-json/oembed/1.0/embede5f4]
[industrialmarketer.com/contact-us/index.html]
[industrialmarketer.com/author/jakegerli/index.html]
[industrialmarketer.com/magento-2-everything-store-owners-need-to-know/index.html]
[industrialmarketer.com/author/brent-lathrop/index.html]
[industrialmarketer.com/how-mobile-affects-google-search-quality/index.html]
[industrialmarketer.com/author/nbeard/index.html]
[industrialmarketer.com/industrial-digital-marketing-roundup-7/index.html]
[industrialmarketer.com/your-internet-explorer-support-may-be-ending/index.html]
[industrialmarketer.com/industrial-digital-marketing-roundup-6/index.html]
[industrialmarketer.com/wp-json/wp/v2/posts/253337.json]
[industrialmarketer.com/technology/news/page/3/index.html]
[industrialmarketer.com/technology/tools/page/2/index.html]
[industrialmarketer.com/magic-mystery-programmatic-advertising/index.html]
[industrialmarketer.com/wp-json/oembed/1.0/embedfab7.json]
[industrialmarketer.com/b2b-industrial-leaders/index.html]
[industrialmarketer.com/wp-json/oembed/1.0/embed274f]
[industrialmarketer.com/favorite-ppc-tools/index.html]
[industrialmarketer.com/wp-content/themes/ism/img/logo.png]
[industrialmarketer.com/best-website-analytics-tools-b2b-marketing/index.html]
[industrialmarketer.com/xml-feeds-online-recruitment-campaigns/index.html]
[industrialmarketer.com/proposal-software-improve-sales/index.html]
[industrialmarketer.com/project-management-software-four-solutions-for-project-success/index.html]
[no-cache.hubspot.com/cta/default/480219/a5cdb0ca-5b33-4606-ba86-768d4464fe88.jpg]
[industrialmarketer.com/using-business-chat-software-to-create-efficiencies/index.html]
[industrialmarketer.com/technology/tools/page/3/index.html]
[industrialmarketer.com/author/mcraft/index.html]
[js.hscta.net/cta/current.js]
[industrialmarketer.com/wysiwyg-editor-flaws-and-how-to-handle-them/index.html]
[industrialmarketer.com/author/bmatthews/index.html]
[industrialmarketer.com/wp-content/uploads/2022/09/Sidney-Karanja-108x108.jpg]
[industrialmarketer.com/growth-marketing-logistics-companies/index.html]
[industrialmarketer.com/how-to-get-rid-of-ghost-traffic-google-analytics/index.html]
[industrialmarketer.com/create-digital-marketing-measurement-model/index.html]
[industrialmarketer.com/improving-search-engine-results-with-structured-data-markup/index.html]
[industrialmarketer.com/culture/page/2/index.html]
[industrialmarketer.com/3-easy-ways-speed-up-your-website/index.html]
[industrialmarketer.com/10-b2b-marketing-trends-watch-2022/index.html]
[industrialmarketer.com/wp-json/wp/v2/posts/253347.json]
[industrialmarketer.com/author/csvensson/index.html]
[industrialmarketer.com/business-longevity-industrial-marketing/index.html]
[industrialmarketer.com/wp-json/oembed/1.0/embed5ae1.json]
[industrialmarketer.com/industrial-buying-rise-buying-committees/index.html]
[industrialmarketer.com/author/ilee/index.html]
[industrialmarketer.com/culture/page/3/index.html]
[industrialmarketer.com/wp-json/oembed/1.0/embedc830]
[industrialmarketer.com/culture/page/9/index.html]
[industrialmarketer.com/culture/page/4/index.html]
[industrialmarketer.com/author/nwakefield/index.html]
[industrialmarketer.com/9-tips-for-e-commerce-marketing-onsite-banner-ads/index.html]
[industrialmarketer.com/win-online-truck-driver-recruiting/index.html]
[industrialmarketer.com/marketing-solutions-skilled-labor-gap/index.html]
[www.buzzsprout.com/1056112/11405198-the-top-5-types-of-marketing-materials-for-the-awareness-phase2219.js]
[industrialmarketer.com/author/rencarnacion/index.html]
[industrialmarketer.com/wp-content/uploads/2020/08/Nels_Jensen-108x108.jpg]
[industrialmarketer.com/top-5-types-marketing-content-awareness-phase/index.html]
[industrialmarketer.com/culture/commentary/page/2/index.html]
[industrialmarketer.com/responsive-design-for-multiple-target-audiences/index.html]
[industrialmarketer.com/10-logo-design-mistakes-you-must-avoid/index.html]
[industrialmarketer.com/author/tglare/index.html]
[industrialmarketer.com/5-digital-marketing-tips-independent-contractors/index.html]
[industrialmarketer.com/culture/commentary/page/3/index.html]
[industrialmarketer.com/culture/commentary/page/4/index.html]
[industrialmarketer.com/marketing-industrial-business-sustainable-honesty-greenwashing/index.html]
[industrialmarketer.com/wp-json/wp/v2/users/216.json]
[industrialmarketer.com/author/nelsjensen/index.html]
[industrialmarketer.com/culture/commentary/page/7/index.html]
[industrialmarketer.com/13-industrial-locations-in-horror-science-fiction-films/index.html]
[industrialmarketer.com/wp-json/wp/v2/posts/253332.json]
[industrialmarketer.com/culture/creativity/page/2/index.html]
[industrialmarketer.com/5-ways-homepage-design-has-changed/index.html]
[industrialmarketer.com/the-roots-of-industrial-chic/index.html]
[industrialmarketer.com/rebranding-industrial-marketer/index.html]
[industrialmarketer.com/wp-json/oembed/1.0/embed4b84.json]
[industrialmarketer.com/wp-json/oembed/1.0/embedc40a]
[industrialmarketer.com/marketing-united-the-state-of-digital-marketing/index.html]
[industrialmarketer.com/author/courtneywanamaker/index.html]
[industrialmarketer.com/3-great-social-media-tools-for-business/index.html]
[industrialmarketer.com/top-3-seo-tools-business/index.html]
[www.buzzsprout.com/1056112/11205504-how-to-leverage-today-s-manufacturing-trade-showsc06b.js]
[industrialmarketer.com/how-leverage-todays-manufacturing-trade-shows/index.html]
[industrialmarketer.com/marketing-automation-platforms-compared/index.html]
[industrialmarketer.com/why-i-love-trello-for-business/index.html]
[industrialmarketer.com/wp-json/wp/v2/posts/253327.json]
[industrialmarketer.com/tag/advertising/index.html]
[industrialmarketer.com/subscribe/index.html]
[industrialmarketer.com/tag/content-marketing/index.html]
[industrialmarketer.com/wp-json/oembed/1.0/embedbe58.json]
[industrialmarketer.com/tag/growth-marketing/index.html]
[industrialmarketer.com/tag/logistics/index.html]
[industrialmarketer.com/tag/product-marketing/index.html]
[industrialmarketer.com/wp-json/oembed/1.0/embed3dff]
[industrialmarketer.com/how-digital-marketing-changing-manufacturing-industry/index.html]
[industrialmarketer.com/5-benefits-social-media-for-industrials/index.html]
[industrialmarketer.com/how-b2b-buying-process-works/index.html]
[industrialmarketer.com/building-your-brand-with-b2b-video-marketing/index.html]
[industrialmarketer.com/tag/industrial-buying-cycle/index.html]
[industrialmarketer.com/author/emiller/index.html]
[industrialmarketer.com/wp-json/wp/v2/users/253.json]
[industrialmarketer.com/tag/b2b-buying-process/index.html]
[industrialmarketer.com/tag/industrial-marketing-podcast/index.html]
[industrialmarketer.com/10-things-to-consider-in-your-consideration-phase/index.html]
[industrialmarketer.com/author/nelsjensen/page/2/index.html]
[industrialmarketer.com/author/nelsjensen/page/4/index.html]
[industrialmarketer.com/author/nelsjensen/page/3/index.html]
[industrialmarketer.com/wp-json/wp/v2/posts/253308.json]
[industrialmarketer.com/wp-json/oembed/1.0/embed1982.json]
[industrialmarketer.com/author/nelsjensen/page/5/index.html]
[industrialmarketer.com/wp-json/oembed/1.0/embed72c0]
[industrialmarketer.com/tag/digital-marketing/index.html]
[industrialmarketer.com/tag/manufacturing/index.html]
[industrialmarketer.com/wp-content/uploads/2022/08/1-Zeon-Chemicals-screen-shot-1024x577.png]
[industrialmarketer.com/tag/trade-shows/index.html]
[industrialmarketer.com/adaptive-vs-responsive-web-design-b2bs/index.html]
[industrialmarketer.com/10-best-industrial-websites/index.html]
[industrialmarketer.com/wp-content/uploads/2022/08/2-Markforged-screen-shot-1024x636.png]
[industrialmarketer.com/wp-content/uploads/2022/08/3-Greenbrier-screen-shot-1024x573.png]
[industrialmarketer.com/wp-content/uploads/2022/08/4-Fairlawn-Tool-Desktop-screen-shot-1024x505.png]
[industrialmarketer.com/wp-content/uploads/2022/08/5-Independent-Machine-Company-IMC-screen-shot-1024x638.png]
[industrialmarketer.com/wp-content/uploads/2022/08/6-Graco-Manufacturing-Microsite-screen-shot-1024x577.png]
[industrialmarketer.com/wp-content/uploads/2022/08/7-Siemens-Energy-Maintenance-Services-Microsite-screen-shot-1024x583.png]
[industrialmarketer.com/wp-content/uploads/2022/08/8-Marlin-Steel-Company-Story-Video-screen-shot-1024x572.png]
[industrialmarketer.com/theres-no-thing-microsite/index.html]
[industrialmarketer.com/wp-content/uploads/2022/08/9-A-Group-Catalog-Downloads-screen-shot-1024x547.png]
[industrialmarketer.com/wp-content/uploads/2022/08/10-Spray-Equipment-Shop-Services-and-Products-1024x548.png]
[industrialmarketer.com/wp-content/uploads/2019/05/Virginia_Roberson-108x108.jpg]
[industrialmarketer.com/10-best-manufacturing-websites/index.html]
[industrialmarketer.com/tag/b2b-websites/index.html]
[industrialmarketer.com/tag/industrial-websites/index.html]
[industrialmarketer.com/tag/manufacturing-website/index.html]
[industrialmarketer.com/tag/manufacturing-websites/index.html]
[industrialmarketer.com/author/vroberson/index.html]
[industrialmarketer.com/avoid-business-culture-clash-with-marketing-agency/index.html]
[industrialmarketer.com/wp-json/wp/v2/users/211.json]
[industrialmarketer.com/busting-common-manufacturer-marketing-myths/index.html]
[industrialmarketer.com/get-most-roi-b2b-marketing-agency/index.html]
[industrialmarketer.com/finding-the-right-industrial-marketing-agency/index.html]
[industrialmarketer.com/wp-json/wp/v2/posts/253297.json]
[industrialmarketer.com/wp-json/oembed/1.0/embed6f4c.json]
[industrialmarketer.com/wp-json/oembed/1.0/embede929]
[industrialmarketer.com/5-things-prepare-account-based-marketing/index.html]
[industrialmarketer.com/5-ways-industrial-companies-can-benefit-from-marketing-with-video/index.html]
[www.buzzsprout.com/1056112/11026055-top-5-ways-industrial-marketers-should-be-using-video9d6c.js]
[industrialmarketer.com/tag/video/index.html]
[industrialmarketer.com/wp-json/wp/v2/posts/253286.json]
[industrialmarketer.com/wp-json/oembed/1.0/embed2690.json]
[industrialmarketer.com/wp-json/oembed/1.0/embeddb89]
[industrialmarketer.com/wp-content/uploads/2022/06/Brandon-Leibowitz-108x108.png]
[industrialmarketer.com/why-seo-for-manufacturing-companies-so-important/index.html]
[industrialmarketer.com/tag/seo/index.html]
[industrialmarketer.com/author/bleibowitz/index.html]
[industrialmarketer.com/wp-json/wp/v2/users/252.json]
[industrialmarketer.com/wp-json/wp/v2/posts/253282.json]
[industrialmarketer.com/wp-json/oembed/1.0/embed3b26.json]
[industrialmarketer.com/wp-json/oembed/1.0/embed0012]
[industrialmarketer.com/5-best-practices-industrial-web-design/index.html]
[industrialmarketer.com/page/3/index.html]
[industrialmarketer.com/page/4/index.html]
[www.buzzsprout.com/1056112/10864396-5-best-practices-for-industrial-website-design-in-2022c69e.js]
[industrialmarketer.com/page/28/index.html]
[industrialmarketer.com/why-industrial-companies-ideal-customer-profile/index.html]
[industrialmarketer.com/page/5/index.html]
[industrialmarketer.com/page/27/index.html]
[industrialmarketer.com/conversational-writing-advice-industrial-marketers/index.html]
[industrialmarketer.com/social-media-for-business-getting-to-the-bottom-line/index.html]
[industrialmarketer.com/wp-json/wp/v2/pages/250794.json]
[industrialmarketer.com/maguire-manifesto-brand-stories/index.html]
[industrialmarketer.com/wp-json/oembed/1.0/embedc174.json]
[industrialmarketer.com/page/6/index.html]
[industrialmarketer.com/wp-json/oembed/1.0/embed004c]
[industrialmarketer.com/privacy-policy/index.html]
[industrialmarketer.com/merger-of-google-places-and-google-plus-for-business-pages-everything-you-need-to-know/index.html]
[industrialmarketer.com/author/jsotomarketstrong-net/index.html]
[industrialmarketer.com/content-marketing-busy-technical-clients/index.html]
[industrialmarketer.com/page/25/index.html]
[industrialmarketer.com/rise-of-the-social-media-entrepreneur/index.html]
[industrialmarketer.com/terms-of-use/index.html]
[industrialmarketer.com/about/index.html]
[industrialmarketer.com/wp-content/themes/ism/fonts/open-sans-v18-latin-regular.svg]
[industrialmarketer.com/wp-content/themes/ism/fonts/open-sans-v18-latin-italic.svg]
[industrialmarketer.com/wp-content/themes/ism/fonts/open-sans-v18-latin-700.svg]
[industrialmarketer.com/wp-content/themes/ism/fonts/icons-2edfc719d519ab8e07005766adfd5c90d41d.svg]
[industrialmarketer.com/are-you-engaged-substantive-marketing/index.html]
[industrialmarketer.com/author/sflynn/index.html]
[industrialmarketer.com/b2b-content-marketing-strategy-effective-approach/index.html]
[industrialmarketer.com/author/jbaxter/index.html]
[industrialmarketer.com/10-effective-link-building-tactics/index.html]
[industrialmarketer.com/author/mhunter/index.html]
[industrialmarketer.com/top-10-low-cost-marketing-strategies-for-startups/index.html]
[industrialmarketer.com/author/vkakkar/index.html]
[industrialmarketer.com/3-keys-successful-recruitment-marketing-campaign/index.html]
[industrialmarketer.com/why-industrial-business-need-local-marketing-strategy/index.html]
[industrialmarketer.com/author/nnwagbo/index.html]
[industrialmarketer.com/what-b2b-search-intent-marketing/index.html]
[industrialmarketer.com/author/ehuang/index.html]
[industrialmarketer.com/approach-seo-for-manufacturers/index.html]
[industrialmarketer.com/author/eshippey/index.html]
[industrialmarketer.com/strategy/page/2/index.html]
[industrialmarketer.com/author/skaranja/index.html]
[industrialmarketer.com/strategy/page/3/index.html]
[industrialmarketer.com/strategy/page/4/index.html]
[industrialmarketer.com/strategy/page/21/index.html]
[industrialmarketer.com/strategy/brand-strategy/page/2/index.html]
[industrialmarketer.com/industrial-branding-begins-consistency/index.html]
[industrialmarketer.com/does-manufacturing-company-look-cutting-edge/index.html]
[industrialmarketer.com/author/pkiesche/index.html]
